/usr/share/texlive/texmf-dist/tex/latex/savetrees/savetrees.bbx
/usr/share/texlive/texmf-dist/tex/latex/biblatex-chem/chem-biochem.bbx
/usr/share/texlive/texmf-dist/tex/latex/biblatex-chem/chem-acs.bbx
/usr/share/texlive/texmf-dist/tex/latex/biblatex-chem/chem-rsc.bbx
/usr/share/texlive/texmf-dist/tex/latex/biblatex-chem/chem-angew.bbx
/usr/share/texlive/texmf-dist/tex/latex/biblatex-arthistory-bonn/arthistory-bonn.bbx
/usr/share/texlive/texmf-dist/tex/latex/emisa/emisa.bbx
/usr/share/texlive/texmf-dist/tex/latex/biblatex-juradiss/biblatex-juradiss.bbx
/usr/share/texlive/texmf-dist/tex/latex/biblatex-subseries/subseries.bbx
/usr/share/texlive/texmf-dist/tex/latex/biblatex-sbl/sbl.bbx
/usr/share/texlive/texmf-dist/tex/latex/biblatex-lni/LNI.bbx
/usr/share/texlive/texmf-dist/tex/latex/biblatex-claves/claves.bbx
/usr/share/texlive/texmf-dist/tex/latex/biblatex-iso690/iso-authoryear.bbx
/usr/share/texlive/texmf-dist/tex/latex/biblatex-iso690/iso-alphabetic.bbx
/usr/share/texlive/texmf-dist/tex/latex/biblatex-iso690/iso.bbx
/usr/share/texlive/texmf-dist/tex/latex/biblatex-iso690/iso-authortitle.bbx
/usr/share/texlive/texmf-dist/tex/latex/biblatex-iso690/iso-numeric.bbx
/usr/share/texlive/texmf-dist/tex/latex/biblatex-phys/phys.bbx
/usr/share/texlive/texmf-dist/tex/latex/biblatex-ijsra/ijsra.bbx
/usr/share/texlive/texmf-dist/tex/latex/biblatex/bbx/verbose-trad3.bbx
/usr/share/texlive/texmf-dist/tex/latex/biblatex/bbx/authoryear-icomp.bbx
/usr/share/texlive/texmf-dist/tex/latex/biblatex/bbx/reading.bbx
/usr/share/texlive/texmf-dist/tex/latex/biblatex/bbx/authoryear-comp.bbx
/usr/share/texlive/texmf-dist/tex/latex/biblatex/bbx/verbose.bbx
/usr/share/texlive/texmf-dist/tex/latex/biblatex/bbx/authortitle-icomp.bbx
/usr/share/texlive/texmf-dist/tex/latex/biblatex/bbx/debug.bbx
/usr/share/texlive/texmf-dist/tex/latex/biblatex/bbx/authortitle-ticomp.bbx
/usr/share/texlive/texmf-dist/tex/latex/biblatex/bbx/standard.bbx
/usr/share/texlive/texmf-dist/tex/latex/biblatex/bbx/alphabetic.bbx
/usr/share/texlive/texmf-dist/tex/latex/biblatex/bbx/draft.bbx
/usr/share/texlive/texmf-dist/tex/latex/biblatex/bbx/authoryear.bbx
/usr/share/texlive/texmf-dist/tex/latex/biblatex/bbx/authortitle-comp.bbx
/usr/share/texlive/texmf-dist/tex/latex/biblatex/bbx/alphabetic-verb.bbx
/usr/share/texlive/texmf-dist/tex/latex/biblatex/bbx/authoryear-ibid.bbx
/usr/share/texlive/texmf-dist/tex/latex/biblatex/bbx/numeric.bbx
/usr/share/texlive/texmf-dist/tex/latex/biblatex/bbx/numeric-comp.bbx
/usr/share/texlive/texmf-dist/tex/latex/biblatex/bbx/verbose-trad1.bbx
/usr/share/texlive/texmf-dist/tex/latex/biblatex/bbx/numeric-verb.bbx
/usr/share/texlive/texmf-dist/tex/latex/biblatex/bbx/verbose-trad2.bbx
/usr/share/texlive/texmf-dist/tex/latex/biblatex/bbx/verbose-note.bbx
/usr/share/texlive/texmf-dist/tex/latex/biblatex/bbx/authortitle.bbx
/usr/share/texlive/texmf-dist/tex/latex/biblatex/bbx/verbose-ibid.bbx
/usr/share/texlive/texmf-dist/tex/latex/biblatex/bbx/verbose-inote.bbx
/usr/share/texlive/texmf-dist/tex/latex/biblatex/bbx/authortitle-terse.bbx
/usr/share/texlive/texmf-dist/tex/latex/biblatex/bbx/authortitle-ibid.bbx
/usr/share/texlive/texmf-dist/tex/latex/biblatex/bbx/authortitle-tcomp.bbx
/usr/share/texlive/texmf-dist/tex/latex/uni-wtal-ger/uni-wtal-ger.bbx
/usr/share/texlive/texmf-dist/tex/latex/biblatex-fiwi/fiwi-yearbeginning.bbx
/usr/share/texlive/texmf-dist/tex/latex/biblatex-fiwi/fiwi.bbx
/usr/share/texlive/texmf-dist/tex/latex/biblatex-fiwi/fiwi2.bbx
/usr/share/texlive/texmf-dist/tex/latex/biblatex-nejm/nejm.bbx
/usr/share/texlive/texmf-dist/tex/latex/droit-fr/droit-fr.bbx
/usr/share/texlive/texmf-dist/tex/latex/biblatex-bwl/bwl-FU.bbx
/usr/share/texlive/texmf-dist/tex/latex/geschichtsfrkl/geschichtsfrkl.bbx
/usr/share/texlive/texmf-dist/tex/latex/biblatex-manuscripts-philology/manuscripts.bbx
/usr/share/texlive/texmf-dist/tex/latex/biblatex-manuscripts-philology/manuscripts-shared.bbx
/usr/share/texlive/texmf-dist/tex/latex/biblatex-manuscripts-philology/manuscripts-noautoshorthand.bbx
/usr/share/texlive/texmf-dist/tex/latex/biblatex-multiple-dm/multiple-dm.bbx
/usr/share/texlive/texmf-dist/tex/latex/biblatex-morenames/morenames.bbx
/usr/share/texlive/texmf-dist/tex/latex/biblatex-chicago/chicago-notes.bbx
/usr/share/texlive/texmf-dist/tex/latex/biblatex-chicago/chicago-authordate.bbx
/usr/share/texlive/texmf-dist/tex/latex/biblatex-chicago/chicago-authordate-trad.bbx
/usr/share/texlive/texmf-dist/tex/latex/biblatex-archaeology/afwl.bbx
/usr/share/texlive/texmf-dist/tex/latex/biblatex-archaeology/zaes.bbx
/usr/share/texlive/texmf-dist/tex/latex/biblatex-archaeology/karl.bbx
/usr/share/texlive/texmf-dist/tex/latex/biblatex-archaeology/mpk.bbx
/usr/share/texlive/texmf-dist/tex/latex/biblatex-archaeology/foe.bbx
/usr/share/texlive/texmf-dist/tex/latex/biblatex-archaeology/authoryear-archaeology.bbx
/usr/share/texlive/texmf-dist/tex/latex/biblatex-archaeology/authoryear-comp-archaeology.bbx
/usr/share/texlive/texmf-dist/tex/latex/biblatex-archaeology/authoryear-ibid-archaeology.bbx
/usr/share/texlive/texmf-dist/tex/latex/biblatex-archaeology/eaz-alt.bbx
/usr/share/texlive/texmf-dist/tex/latex/biblatex-archaeology/authoryear-icomp-archaeology.bbx
/usr/share/texlive/texmf-dist/tex/latex/biblatex-archaeology/ufg-muenster-inline.bbx
/usr/share/texlive/texmf-dist/tex/latex/biblatex-archaeology/dguf-apa.bbx
/usr/share/texlive/texmf-dist/tex/latex/biblatex-archaeology/rgzm-verbose.bbx
/usr/share/texlive/texmf-dist/tex/latex/biblatex-archaeology/maja.bbx
/usr/share/texlive/texmf-dist/tex/latex/biblatex-archaeology/rgzm-inline.bbx
/usr/share/texlive/texmf-dist/tex/latex/biblatex-archaeology/dguf.bbx
/usr/share/texlive/texmf-dist/tex/latex/biblatex-archaeology/aefkw.bbx
/usr/share/texlive/texmf-dist/tex/latex/biblatex-archaeology/zaak.bbx
/usr/share/texlive/texmf-dist/tex/latex/biblatex-archaeology/rgk-verbose.bbx
/usr/share/texlive/texmf-dist/tex/latex/biblatex-archaeology/eaz.bbx
/usr/share/texlive/texmf-dist/tex/latex/biblatex-archaeology/ufg-muenster-verbose.bbx
/usr/share/texlive/texmf-dist/tex/latex/biblatex-archaeology/verbose-ibid-archaeology.bbx
/usr/share/texlive/texmf-dist/tex/latex/biblatex-archaeology/offa.bbx
/usr/share/texlive/texmf-dist/tex/latex/biblatex-archaeology/archa.bbx
/usr/share/texlive/texmf-dist/tex/latex/biblatex-archaeology/volkskunde.bbx
/usr/share/texlive/texmf-dist/tex/latex/biblatex-archaeology/nnu.bbx
/usr/share/texlive/texmf-dist/tex/latex/biblatex-archaeology/rgk-inline.bbx
/usr/share/texlive/texmf-dist/tex/latex/biblatex-archaeology/amit.bbx
/usr/share/texlive/texmf-dist/tex/latex/biblatex-archaeology/verbose-trad2note-archaeology.bbx
/usr/share/texlive/texmf-dist/tex/latex/biblatex-archaeology/jb-halle.bbx
/usr/share/texlive/texmf-dist/tex/latex/biblatex-archaeology/jb-kreis-neuss.bbx
/usr/share/texlive/texmf-dist/tex/latex/biblatex-archaeology/dguf-alt.bbx
/usr/share/texlive/texmf-dist/tex/latex/biblatex-science/science.bbx
/usr/share/texlive/texmf-dist/tex/latex/biblatex-gost/gost-authoryear.bbx
/usr/share/texlive/texmf-dist/tex/latex/biblatex-gost/gost-alphabetic-min.bbx
/usr/share/texlive/texmf-dist/tex/latex/biblatex-gost/gost-alphabetic.bbx
/usr/share/texlive/texmf-dist/tex/latex/biblatex-gost/gost-footnote.bbx
/usr/share/texlive/texmf-dist/tex/latex/biblatex-gost/gost-inline.bbx
/usr/share/texlive/texmf-dist/tex/latex/biblatex-gost/gost-numeric-min.bbx
/usr/share/texlive/texmf-dist/tex/latex/biblatex-gost/gost-footnote-min.bbx
/usr/share/texlive/texmf-dist/tex/latex/biblatex-gost/gost-numeric.bbx
/usr/share/texlive/texmf-dist/tex/latex/biblatex-gost/gost-authoryear-min.bbx
/usr/share/texlive/texmf-dist/tex/latex/biblatex-gost/gost-inline-min.bbx
/usr/share/texlive/texmf-dist/tex/latex/biblatex-gost/gost-standard.bbx
/usr/share/texlive/texmf-dist/tex/latex/biblatex-philosophy/philosophy-standard.bbx
/usr/share/texlive/texmf-dist/tex/latex/biblatex-philosophy/philosophy-verbose.bbx
/usr/share/texlive/texmf-dist/tex/latex/biblatex-philosophy/philosophy-classic.bbx
/usr/share/texlive/texmf-dist/tex/latex/biblatex-philosophy/philosophy-modern.bbx
/usr/share/texlive/texmf-dist/tex/latex/biblatex-bookinother/bookinother.bbx
/usr/share/texlive/texmf-dist/tex/latex/archaeologie/archaeologie.bbx
/usr/share/texlive/texmf-dist/tex/latex/biblatex-caspervector/caspervector.bbx
/usr/share/texlive/texmf-dist/tex/latex/biblatex-abnt/abnt-numeric.bbx
/usr/share/texlive/texmf-dist/tex/latex/biblatex-abnt/abnt-ibid.bbx
/usr/share/texlive/texmf-dist/tex/latex/biblatex-abnt/abnt.bbx
/usr/share/texlive/texmf-dist/tex/latex/biblatex-apa/apa.bbx
/usr/share/texlive/texmf-dist/tex/latex/acmart/ACM-Reference-Format.bbx
/usr/share/texlive/texmf-dist/tex/latex/cnltx/cnltx.bbx
/usr/share/texlive/texmf-dist/tex/latex/gitlog/gitlog.bbx
/usr/share/texlive/texmf-dist/tex/latex/biblatex-oxref/oxnotes.bbx
/usr/share/texlive/texmf-dist/tex/latex/biblatex-oxref/oxyear.bbx
/usr/share/texlive/texmf-dist/tex/latex/biblatex-oxref/oxalph.bbx
/usr/share/texlive/texmf-dist/tex/latex/biblatex-oxref/oxref.bbx
/usr/share/texlive/texmf-dist/tex/latex/biblatex-oxref/oxnum.bbx
/usr/share/texlive/texmf-dist/tex/latex/biblatex-swiss-legal/biblatex-swiss-legal-general.bbx
/usr/share/texlive/texmf-dist/tex/latex/biblatex-swiss-legal/biblatex-swiss-legal-shortarticle.bbx
/usr/share/texlive/texmf-dist/tex/latex/biblatex-swiss-legal/biblatex-swiss-legal-longarticle.bbx
/usr/share/texlive/texmf-dist/tex/latex/biblatex-swiss-legal/biblatex-swiss-legal-bibliography.bbx
/usr/share/texlive/texmf-dist/tex/latex/biblatex-swiss-legal/biblatex-swiss-legal-base.bbx
/usr/share/texlive/texmf-dist/tex/latex/uni-wtal-lin/uni-wtal-lin.bbx
/usr/share/texlive/texmf-dist/tex/latex/biblatex-publist/publist.bbx
/usr/share/texlive/texmf-dist/tex/latex/biblatex-trad/trad-unsrt.bbx
/usr/share/texlive/texmf-dist/tex/latex/biblatex-trad/trad-alpha.bbx
/usr/share/texlive/texmf-dist/tex/latex/biblatex-trad/trad-plain.bbx
/usr/share/texlive/texmf-dist/tex/latex/biblatex-trad/trad-abbrv.bbx
/usr/share/texlive/texmf-dist/tex/latex/biblatex-trad/trad-standard.bbx
/usr/share/texlive/texmf-dist/tex/latex/historische-zeitschrift/historische-zeitschrift.bbx
/usr/share/texlive/texmf-dist/tex/latex/biblatex-musuos/musuos.bbx
/usr/share/texlive/texmf-dist/tex/latex/biblatex-nature/nature.bbx
/usr/share/texlive/texmf-dist/tex/latex/biblatex-realauthor/realauthor.bbx
/usr/share/texlive/texmf-dist/tex/latex/biblatex-mla/mla-new.bbx
/usr/share/texlive/texmf-dist/tex/latex/biblatex-mla/mla.bbx
/usr/share/texlive/texmf-dist/tex/latex/dtk/dtk.bbx
/usr/share/texlive/texmf-dist/tex/latex/biblatex-ieee/ieee.bbx
/usr/share/texlive/texmf-dist/tex/latex/biblatex-ieee/ieee-alphabetic.bbx
/usr/share/texlive/texmf-dist/tex/latex/biblatex-gb7714-2015/gb7714-2015.bbx
/usr/share/texlive/texmf-dist/tex/latex/biblatex-gb7714-2015/gb7714-2015ay.bbx
/usr/share/texlive/texmf-dist/tex/latex/biblatex-historian/historian.bbx
/usr/share/texlive/texmf-dist/tex/latex/univie-ling/univie-ling.bbx
/usr/share/texlive/texmf-dist/tex/latex/biblatex-enc/enc.bbx
/usr/share/texlive/texmf-dist/tex/latex/biblatex-dw/bbx/authortitle-dw.bbx
/usr/share/texlive/texmf-dist/tex/latex/biblatex-dw/bbx/footnote-dw.bbx
/usr/share/texlive/texmf-dist/tex/latex/biblatex-dw/bbx/standard-dw.bbx
/usr/share/texlive/texmf-dist/tex/latex/biblatex-luh-ipw/bbx/standard-luh-ipw.bbx
/usr/share/texlive/texmf-dist/tex/latex/biblatex-luh-ipw/bbx/verbose-inote-luh-ipw.bbx
/usr/share/texlive/texmf-dist/tex/latex/biblatex-luh-ipw/bbx/authoryear-luh-ipw.bbx
/usr/share/texlive/texmf-dist/tex/latex/ecobiblatex/ecobiblatex.bbx
/usr/share/texlive/texmf-dist/tex/latex/nwejm/nwejm.bbx
/usr/share/texlive/texmf-dist/tex/latex/biblatex-nottsclassic/nottsclassic.bbx
/usr/share/texlive/texmf-dist/tex/latex/oscola/oscola.bbx
/usr/share/texlive/texmf-dist/tex/xelatex/langsci/biblatex-langsci-unified.bbx
/usr/share/texlive/texmf-dist/tex/xelatex/langsci/biblatex-langsci-unified-undecap.bbx
