/usr/share/texlive/texmf-dist/bibtex/bib/abstyles/acompat.bib
/usr/share/texlive/texmf-dist/bibtex/bib/abstyles/jourabbr.bib
/usr/share/texlive/texmf-dist/bibtex/bib/abstyles/jourfull.bib
/usr/share/texlive/texmf-dist/bibtex/bib/frankenstein/frankenstein.bib
/usr/share/texlive/texmf-dist/bibtex/bib/cnltx/cnltx.bib
/usr/share/texlive/texmf-dist/bibtex/bib/msc/biblio.bib
/usr/share/texlive/texmf-dist/bibtex/bib/attachfile/attachfile.bib
/usr/share/texlive/texmf-dist/bibtex/bib/base/xampl.bib
/usr/share/texlive/texmf-dist/bibtex/bib/lsc/lsc.bib
/usr/share/texlive/texmf-dist/bibtex/bib/glossaries-extra/example-glossaries-images.bib
/usr/share/texlive/texmf-dist/bibtex/bib/glossaries-extra/example-glossaries-acronym.bib
/usr/share/texlive/texmf-dist/bibtex/bib/glossaries-extra/example-glossaries-symbols.bib
/usr/share/texlive/texmf-dist/bibtex/bib/glossaries-extra/example-glossaries-xr.bib
/usr/share/texlive/texmf-dist/bibtex/bib/glossaries-extra/example-glossaries-brief.bib
/usr/share/texlive/texmf-dist/bibtex/bib/glossaries-extra/example-glossaries-url.bib
/usr/share/texlive/texmf-dist/bibtex/bib/glossaries-extra/example-glossaries-symbolnames.bib
/usr/share/texlive/texmf-dist/bibtex/bib/glossaries-extra/example-glossaries-long.bib
/usr/share/texlive/texmf-dist/bibtex/bib/glossaries-extra/example-glossaries-acronyms-lang.bib
/usr/share/texlive/texmf-dist/bibtex/bib/glossaries-extra/example-glossaries-childnoname.bib
/usr/share/texlive/texmf-dist/bibtex/bib/glossaries-extra/example-glossaries-parent.bib
/usr/share/texlive/texmf-dist/bibtex/bib/glossaries-extra/example-glossaries-multipar.bib
/usr/share/texlive/texmf-dist/bibtex/bib/glossaries-extra/example-glossaries-cite.bib
/usr/share/texlive/texmf-dist/bibtex/bib/glossaries-extra/example-glossaries-acronym-desc.bib
/usr/share/texlive/texmf-dist/bibtex/bib/oberdiek/oberdiek-bundle.bib
/usr/share/texlive/texmf-dist/bibtex/bib/oberdiek/oberdiek-source.bib
/usr/share/texlive/texmf-dist/bibtex/bib/directory/family.bib
/usr/share/texlive/texmf-dist/bibtex/bib/directory/business.bib
/usr/share/texlive/texmf-dist/bibtex/bib/gloss/sample.bib
/usr/share/texlive/texmf-dist/bibtex/bib/gloss/glsbase.bib
