/usr/share/texlive/texmf-dist/bibtex/bib/nostarch/nostarch.bib
/usr/share/texlive/texmf-dist/bibtex/bib/jurabib/jbtesthu.bib
/usr/share/texlive/texmf-dist/bibtex/bib/jurabib/book.bib
/usr/share/texlive/texmf-dist/bibtex/bib/jurabib/jbtest.bib
/usr/share/texlive/texmf-dist/bibtex/bib/jurabib/comment.bib
/usr/share/texlive/texmf-dist/bibtex/bib/abstyles/jourfull.bib
/usr/share/texlive/texmf-dist/bibtex/bib/abstyles/jourabbr.bib
/usr/share/texlive/texmf-dist/bibtex/bib/abstyles/acompat.bib
/usr/share/texlive/texmf-dist/bibtex/bib/frankenstein/frankenstein.bib
/usr/share/texlive/texmf-dist/bibtex/bib/base/xampl.bib
/usr/share/texlive/texmf-dist/bibtex/bib/revtex4/apssamp.bib
/usr/share/texlive/texmf-dist/bibtex/bib/biblatex/biblatex/biblatex-examples.bib
/usr/share/texlive/texmf-dist/bibtex/bib/directory/business.bib
/usr/share/texlive/texmf-dist/bibtex/bib/directory/family.bib
/usr/share/texlive/texmf-dist/bibtex/bib/abntex2/abntex2-options.bib
/usr/share/texlive/texmf-dist/bibtex/bib/spie/report.bib
/usr/share/texlive/texmf-dist/bibtex/bib/beebe/typeset.bib
/usr/share/texlive/texmf-dist/bibtex/bib/beebe/tugboat.bib
/usr/share/texlive/texmf-dist/bibtex/bib/beebe/texgraph.bib
/usr/share/texlive/texmf-dist/bibtex/bib/beebe/texbook1.bib
/usr/share/texlive/texmf-dist/bibtex/bib/beebe/texbook2.bib
/usr/share/texlive/texmf-dist/bibtex/bib/beebe/texbook3.bib
/usr/share/texlive/texmf-dist/bibtex/bib/beebe/texjourn.bib
/usr/share/texlive/texmf-dist/bibtex/bib/beebe/texnique.bib
/usr/share/texlive/texmf-dist/bibtex/bib/gloss/glsbase.bib
/usr/share/texlive/texmf-dist/bibtex/bib/gloss/sample.bib
/usr/share/texlive/texmf-dist/bibtex/bib/oberdiek/oberdiek-source.bib
/usr/share/texlive/texmf-dist/bibtex/bib/oberdiek/oberdiek-bundle.bib
/usr/share/texlive/texmf-dist/bibtex/bib/archaeologie/archaeologie-lstabbrv.bib
/usr/share/texlive/texmf-dist/bibtex/bib/archaeologie/archaeologie-lstpublishers.bib
/usr/share/texlive/texmf-dist/bibtex/bib/archaeologie/archaeologie-lstlocations.bib
/usr/share/texlive/texmf-dist/bibtex/bib/archaeologie/archaeologie-bibancient.bib
/usr/share/texlive/texmf-dist/bibtex/bib/archaeologie/archaeologie-bibcorpora.bib
/usr/share/texlive/texmf-dist/bibtex/bib/archaeologie/archaeologie-examples.bib
/usr/share/texlive/texmf-dist/bibtex/bib/harvard/harvard.bib
/usr/share/texlive/texmf-dist/bibtex/bib/amsrefs/amsj.bib
/usr/share/texlive/texmf-dist/bibtex/bib/IEEEtran/IEEEexample.bib
/usr/share/texlive/texmf-dist/bibtex/bib/IEEEtran/IEEEabrv.bib
/usr/share/texlive/texmf-dist/bibtex/bib/IEEEtran/IEEEfull.bib
/usr/share/texlive/texmf-dist/bibtex/bib/cnltx/cnltx.bib
/usr/share/texlive/texmf-dist/bibtex/bib/attachfile/attachfile.bib
/usr/share/texlive/texmf-dist/bibtex/bib/glossaries-extra/example-glossaries-url.bib
/usr/share/texlive/texmf-dist/bibtex/bib/glossaries-extra/example-glossaries-cite.bib
/usr/share/texlive/texmf-dist/bibtex/bib/glossaries-extra/example-glossaries-childnoname.bib
/usr/share/texlive/texmf-dist/bibtex/bib/glossaries-extra/example-glossaries-xr.bib
/usr/share/texlive/texmf-dist/bibtex/bib/glossaries-extra/example-glossaries-parent.bib
/usr/share/texlive/texmf-dist/bibtex/bib/glossaries-extra/example-glossaries-symbols.bib
/usr/share/texlive/texmf-dist/bibtex/bib/glossaries-extra/example-glossaries-acronyms-lang.bib
/usr/share/texlive/texmf-dist/bibtex/bib/glossaries-extra/example-glossaries-long.bib
/usr/share/texlive/texmf-dist/bibtex/bib/glossaries-extra/example-glossaries-multipar.bib
/usr/share/texlive/texmf-dist/bibtex/bib/glossaries-extra/example-glossaries-acronym-desc.bib
/usr/share/texlive/texmf-dist/bibtex/bib/glossaries-extra/example-glossaries-acronym.bib
/usr/share/texlive/texmf-dist/bibtex/bib/glossaries-extra/example-glossaries-brief.bib
/usr/share/texlive/texmf-dist/bibtex/bib/glossaries-extra/example-glossaries-images.bib
/usr/share/texlive/texmf-dist/bibtex/bib/lsc/lsc.bib
/usr/share/texlive/texmf-dist/bibtex/bib/msc/biblio.bib
/usr/share/texlive/texmf-dist/bibtex/bib/dk-bib/litteratur.bib
/usr/share/texlive/texmf-dist/bibtex/bib/gustlib/plbib.bib
