/usr/share/texlive/texmf-dist/tex/latex/savetrees/savetrees.cbx
/usr/share/texlive/texmf-dist/tex/latex/biblatex-chem/chem-angew.cbx
/usr/share/texlive/texmf-dist/tex/latex/biblatex-chem/chem-acs.cbx
/usr/share/texlive/texmf-dist/tex/latex/biblatex-chem/chem-biochem.cbx
/usr/share/texlive/texmf-dist/tex/latex/biblatex-chem/chem-rsc.cbx
/usr/share/texlive/texmf-dist/tex/latex/biblatex-arthistory-bonn/arthistory-bonn.cbx
/usr/share/texlive/texmf-dist/tex/latex/emisa/emisa.cbx
/usr/share/texlive/texmf-dist/tex/latex/biblatex-juradiss/biblatex-juradiss.cbx
/usr/share/texlive/texmf-dist/tex/latex/biblatex-sbl/sbl.cbx
/usr/share/texlive/texmf-dist/tex/latex/biblatex-lni/LNI.cbx
/usr/share/texlive/texmf-dist/tex/latex/biblatex-iso690/iso-authortitle.cbx
/usr/share/texlive/texmf-dist/tex/latex/biblatex-iso690/iso-authoryear.cbx
/usr/share/texlive/texmf-dist/tex/latex/biblatex-iso690/iso-numeric.cbx
/usr/share/texlive/texmf-dist/tex/latex/biblatex-iso690/iso-fullcite.cbx
/usr/share/texlive/texmf-dist/tex/latex/biblatex-iso690/iso-alphabetic.cbx
/usr/share/texlive/texmf-dist/tex/latex/biblatex-phys/phys.cbx
/usr/share/texlive/texmf-dist/tex/latex/biblatex-ijsra/ijsra.cbx
/usr/share/texlive/texmf-dist/tex/latex/biblatex/cbx/verbose-ibid.cbx
/usr/share/texlive/texmf-dist/tex/latex/biblatex/cbx/numeric-comp.cbx
/usr/share/texlive/texmf-dist/tex/latex/biblatex/cbx/verbose.cbx
/usr/share/texlive/texmf-dist/tex/latex/biblatex/cbx/alphabetic-verb.cbx
/usr/share/texlive/texmf-dist/tex/latex/biblatex/cbx/authortitle-tcomp.cbx
/usr/share/texlive/texmf-dist/tex/latex/biblatex/cbx/reading.cbx
/usr/share/texlive/texmf-dist/tex/latex/biblatex/cbx/authortitle-ibid.cbx
/usr/share/texlive/texmf-dist/tex/latex/biblatex/cbx/authoryear-comp.cbx
/usr/share/texlive/texmf-dist/tex/latex/biblatex/cbx/authortitle-terse.cbx
/usr/share/texlive/texmf-dist/tex/latex/biblatex/cbx/verbose-note.cbx
/usr/share/texlive/texmf-dist/tex/latex/biblatex/cbx/authortitle-icomp.cbx
/usr/share/texlive/texmf-dist/tex/latex/biblatex/cbx/draft.cbx
/usr/share/texlive/texmf-dist/tex/latex/biblatex/cbx/verbose-trad2.cbx
/usr/share/texlive/texmf-dist/tex/latex/biblatex/cbx/verbose-inote.cbx
/usr/share/texlive/texmf-dist/tex/latex/biblatex/cbx/debug.cbx
/usr/share/texlive/texmf-dist/tex/latex/biblatex/cbx/verbose-trad3.cbx
/usr/share/texlive/texmf-dist/tex/latex/biblatex/cbx/authortitle-comp.cbx
/usr/share/texlive/texmf-dist/tex/latex/biblatex/cbx/authortitle-ticomp.cbx
/usr/share/texlive/texmf-dist/tex/latex/biblatex/cbx/authoryear-icomp.cbx
/usr/share/texlive/texmf-dist/tex/latex/biblatex/cbx/alphabetic.cbx
/usr/share/texlive/texmf-dist/tex/latex/biblatex/cbx/authoryear-ibid.cbx
/usr/share/texlive/texmf-dist/tex/latex/biblatex/cbx/authoryear.cbx
/usr/share/texlive/texmf-dist/tex/latex/biblatex/cbx/verbose-trad1.cbx
/usr/share/texlive/texmf-dist/tex/latex/biblatex/cbx/numeric-verb.cbx
/usr/share/texlive/texmf-dist/tex/latex/biblatex/cbx/numeric.cbx
/usr/share/texlive/texmf-dist/tex/latex/biblatex/cbx/authortitle.cbx
/usr/share/texlive/texmf-dist/tex/latex/uni-wtal-ger/uni-wtal-ger.cbx
/usr/share/texlive/texmf-dist/tex/latex/biblatex-fiwi/fiwi.cbx
/usr/share/texlive/texmf-dist/tex/latex/biblatex-fiwi/fiwi2.cbx
/usr/share/texlive/texmf-dist/tex/latex/biblatex-nejm/nejm.cbx
/usr/share/texlive/texmf-dist/tex/latex/droit-fr/droit-fr.cbx
/usr/share/texlive/texmf-dist/tex/latex/biblatex-bwl/bwl-FU.cbx
/usr/share/texlive/texmf-dist/tex/latex/geschichtsfrkl/geschichtsfrkl.cbx
/usr/share/texlive/texmf-dist/tex/latex/biblatex-chicago/chicago-authordate-trad.cbx
/usr/share/texlive/texmf-dist/tex/latex/biblatex-chicago/chicago-authordate.cbx
/usr/share/texlive/texmf-dist/tex/latex/biblatex-chicago/chicago-dates-common.cbx
/usr/share/texlive/texmf-dist/tex/latex/biblatex-chicago/chicago-notes.cbx
/usr/share/texlive/texmf-dist/tex/latex/biblatex-archaeology/verbose-ibid-archaeology.cbx
/usr/share/texlive/texmf-dist/tex/latex/biblatex-archaeology/verbose-trad2note-archaeology.cbx
/usr/share/texlive/texmf-dist/tex/latex/biblatex-archaeology/rgzm-verbose.cbx
/usr/share/texlive/texmf-dist/tex/latex/biblatex-archaeology/dguf-alt.cbx
/usr/share/texlive/texmf-dist/tex/latex/biblatex-archaeology/authoryear-ibid-archaeology.cbx
/usr/share/texlive/texmf-dist/tex/latex/biblatex-archaeology/jb-halle.cbx
/usr/share/texlive/texmf-dist/tex/latex/biblatex-archaeology/authoryear-comp-archaeology.cbx
/usr/share/texlive/texmf-dist/tex/latex/biblatex-archaeology/rgk-verbose.cbx
/usr/share/texlive/texmf-dist/tex/latex/biblatex-archaeology/authoryear-archaeology.cbx
/usr/share/texlive/texmf-dist/tex/latex/biblatex-archaeology/authoryear-icomp-archaeology.cbx
/usr/share/texlive/texmf-dist/tex/latex/biblatex-archaeology/rgzm-inline.cbx
/usr/share/texlive/texmf-dist/tex/latex/biblatex-archaeology/offa.cbx
/usr/share/texlive/texmf-dist/tex/latex/biblatex-archaeology/nnu.cbx
/usr/share/texlive/texmf-dist/tex/latex/biblatex-archaeology/eaz.cbx
/usr/share/texlive/texmf-dist/tex/latex/biblatex-archaeology/archa.cbx
/usr/share/texlive/texmf-dist/tex/latex/biblatex-archaeology/eaz-alt.cbx
/usr/share/texlive/texmf-dist/tex/latex/biblatex-archaeology/dguf.cbx
/usr/share/texlive/texmf-dist/tex/latex/biblatex-archaeology/mpk.cbx
/usr/share/texlive/texmf-dist/tex/latex/biblatex-archaeology/aefkw.cbx
/usr/share/texlive/texmf-dist/tex/latex/biblatex-archaeology/jb-kreis-neuss.cbx
/usr/share/texlive/texmf-dist/tex/latex/biblatex-archaeology/afwl.cbx
/usr/share/texlive/texmf-dist/tex/latex/biblatex-archaeology/zaes.cbx
/usr/share/texlive/texmf-dist/tex/latex/biblatex-archaeology/ufg-muenster-verbose.cbx
/usr/share/texlive/texmf-dist/tex/latex/biblatex-archaeology/amit.cbx
/usr/share/texlive/texmf-dist/tex/latex/biblatex-archaeology/zaak.cbx
/usr/share/texlive/texmf-dist/tex/latex/biblatex-archaeology/rgk-inline.cbx
/usr/share/texlive/texmf-dist/tex/latex/biblatex-archaeology/dguf-apa.cbx
/usr/share/texlive/texmf-dist/tex/latex/biblatex-archaeology/maja.cbx
/usr/share/texlive/texmf-dist/tex/latex/biblatex-archaeology/volkskunde.cbx
/usr/share/texlive/texmf-dist/tex/latex/biblatex-archaeology/ufg-muenster-inline.cbx
/usr/share/texlive/texmf-dist/tex/latex/biblatex-archaeology/foe.cbx
/usr/share/texlive/texmf-dist/tex/latex/biblatex-archaeology/karl.cbx
/usr/share/texlive/texmf-dist/tex/latex/biblatex-science/science.cbx
/usr/share/texlive/texmf-dist/tex/latex/biblatex-gost/gost-alphabetic-min.cbx
/usr/share/texlive/texmf-dist/tex/latex/biblatex-gost/gost-authoryear-min.cbx
/usr/share/texlive/texmf-dist/tex/latex/biblatex-gost/gost-authoryear.cbx
/usr/share/texlive/texmf-dist/tex/latex/biblatex-gost/gost-numeric-min.cbx
/usr/share/texlive/texmf-dist/tex/latex/biblatex-gost/gost-numeric.cbx
/usr/share/texlive/texmf-dist/tex/latex/biblatex-gost/gost-footnote-min.cbx
/usr/share/texlive/texmf-dist/tex/latex/biblatex-gost/gost-alphabetic.cbx
/usr/share/texlive/texmf-dist/tex/latex/biblatex-gost/gost-footnote.cbx
/usr/share/texlive/texmf-dist/tex/latex/biblatex-gost/gost-inline.cbx
/usr/share/texlive/texmf-dist/tex/latex/biblatex-gost/gost-inline-min.cbx
/usr/share/texlive/texmf-dist/tex/latex/biblatex-philosophy/philosophy-modern.cbx
/usr/share/texlive/texmf-dist/tex/latex/biblatex-philosophy/philosophy-classic.cbx
/usr/share/texlive/texmf-dist/tex/latex/biblatex-philosophy/philosophy-verbose.cbx
/usr/share/texlive/texmf-dist/tex/latex/archaeologie/archaeologie.cbx
/usr/share/texlive/texmf-dist/tex/latex/biblatex-caspervector/caspervector.cbx
/usr/share/texlive/texmf-dist/tex/latex/biblatex-abnt/abnt-ibid.cbx
/usr/share/texlive/texmf-dist/tex/latex/biblatex-abnt/abnt.cbx
/usr/share/texlive/texmf-dist/tex/latex/biblatex-abnt/abnt-numeric.cbx
/usr/share/texlive/texmf-dist/tex/latex/biblatex-apa/apa.cbx
/usr/share/texlive/texmf-dist/tex/latex/acmart/ACM-Reference-Format.cbx
/usr/share/texlive/texmf-dist/tex/latex/cnltx/cnltx.cbx
/usr/share/texlive/texmf-dist/tex/latex/biblatex-oxref/oxnum.cbx
/usr/share/texlive/texmf-dist/tex/latex/biblatex-oxref/oxalph.cbx
/usr/share/texlive/texmf-dist/tex/latex/biblatex-oxref/oxnotes.cbx
/usr/share/texlive/texmf-dist/tex/latex/biblatex-oxref/oxyear.cbx
/usr/share/texlive/texmf-dist/tex/latex/biblatex-swiss-legal/biblatex-swiss-legal-general.cbx
/usr/share/texlive/texmf-dist/tex/latex/biblatex-swiss-legal/biblatex-swiss-legal-base.cbx
/usr/share/texlive/texmf-dist/tex/latex/biblatex-swiss-legal/biblatex-swiss-legal-shortarticle.cbx
/usr/share/texlive/texmf-dist/tex/latex/biblatex-swiss-legal/biblatex-swiss-legal-bibliography.cbx
/usr/share/texlive/texmf-dist/tex/latex/biblatex-swiss-legal/biblatex-swiss-legal-longarticle.cbx
/usr/share/texlive/texmf-dist/tex/latex/uni-wtal-lin/uni-wtal-lin.cbx
/usr/share/texlive/texmf-dist/tex/latex/biblatex-publist/publist.cbx
/usr/share/texlive/texmf-dist/tex/latex/biblatex-trad/trad-abbrv.cbx
/usr/share/texlive/texmf-dist/tex/latex/biblatex-trad/trad-plain.cbx
/usr/share/texlive/texmf-dist/tex/latex/biblatex-trad/trad-alpha.cbx
/usr/share/texlive/texmf-dist/tex/latex/biblatex-trad/trad-standard.cbx
/usr/share/texlive/texmf-dist/tex/latex/biblatex-trad/trad-unsrt.cbx
/usr/share/texlive/texmf-dist/tex/latex/historische-zeitschrift/historische-zeitschrift.cbx
/usr/share/texlive/texmf-dist/tex/latex/biblatex-musuos/musuos.cbx
/usr/share/texlive/texmf-dist/tex/latex/biblatex-nature/nature.cbx
/usr/share/texlive/texmf-dist/tex/latex/biblatex-mla/mla.cbx
/usr/share/texlive/texmf-dist/tex/latex/biblatex-mla/mla-new.cbx
/usr/share/texlive/texmf-dist/tex/latex/dtk/dtk.cbx
/usr/share/texlive/texmf-dist/tex/latex/biblatex-ieee/ieee-alphabetic.cbx
/usr/share/texlive/texmf-dist/tex/latex/biblatex-ieee/ieee.cbx
/usr/share/texlive/texmf-dist/tex/latex/biblatex-gb7714-2015/gb7714-2015.cbx
/usr/share/texlive/texmf-dist/tex/latex/biblatex-gb7714-2015/gb7714-2015ay.cbx
/usr/share/texlive/texmf-dist/tex/latex/biblatex-historian/historian.cbx
/usr/share/texlive/texmf-dist/tex/latex/univie-ling/univie-ling.cbx
/usr/share/texlive/texmf-dist/tex/latex/biblatex-enc/enc.cbx
/usr/share/texlive/texmf-dist/tex/latex/biblatex-dw/cbx/footnote-dw.cbx
/usr/share/texlive/texmf-dist/tex/latex/biblatex-dw/cbx/standard-dw.cbx
/usr/share/texlive/texmf-dist/tex/latex/biblatex-dw/cbx/authortitle-dw.cbx
/usr/share/texlive/texmf-dist/tex/latex/biblatex-luh-ipw/cbx/verbose-inote-luh-ipw.cbx
/usr/share/texlive/texmf-dist/tex/latex/biblatex-luh-ipw/cbx/authoryear-luh-ipw.cbx
/usr/share/texlive/texmf-dist/tex/latex/biblatex-luh-ipw/cbx/standard-luh-ipw.cbx
/usr/share/texlive/texmf-dist/tex/latex/ecobiblatex/ecobiblatex.cbx
/usr/share/texlive/texmf-dist/tex/latex/nwejm/nwejm.cbx
/usr/share/texlive/texmf-dist/tex/latex/biblatex-nottsclassic/nottsclassic.cbx
/usr/share/texlive/texmf-dist/tex/latex/oscola/oscola.cbx
/usr/share/texlive/texmf-dist/tex/xelatex/langsci/langsci-authoryear-comp.cbx
