LaTeX-2019/10/01
ec
accents
achicago
algorithm
algorithm2e
amsmath
amstext
apalike
array
babel
beamerposter
bicaption
bm
booktabs
breakurl
calc
cancel
chapterbib
chemgreek
color
csquotes
endnotes
enumitem
environ
esint
eso-pic
fancybox
fancyhdr
filehook
fixltx2e
fix-cm
float
fontspec
footmisc
footnote
footnotehyper
forest
framed
geometry
graphicx
greek-inputenc
hhline
hyperref
hyphenat
iftex
ifthen
lettrine
listings
longtable
lscape
mathdots
mathrsfs
mathtools
mhchem
mslapa
multirow
natbib
nicefrac
nomencl
paralist
pdfcolmk
pdflscape
polyglossia
pdfcomment
pdfpages
pgf
prettyref
preview
refstyle
rotating
rotfloat
sectionbox
setspace
slashed
soul
splitidx
stackrel
stmaryrd
subfig
subscript
tablefootnote
tcolorbox
textcomp
ulem
unicode-math
units
url
varioref
varwidth
wallpaper
wrapfig
xargs
xcolor
xetex-def
xkeyval
arydshln
braket
cancel
caption
colortbl
diagbox
etoolbox
eurosym
fp
makecmds
marginnote
picinpar
pict2e
sidecap
upgreek
psnfss
avant
bookman
chancery
charter
courier
helvet
mathpazo
mathpple
mathptm
mathptmx
newcent
pifont
utopia
ae
ccfonts
concrete
concmath
fontaxes
lmodern
menukeys
binhex
symbol
tgadventor
tgbonum
tgchorus
tgcursor
tgheros
tgpagella
tgschola
tgtermes
tipa
tipx
tone
txfonts
marvosym
pmboxdraw
textgreek
wasy
wasysym
fancyvrb
algorithm2e
bicaption
rsphrase
shapepar
hpstatement
enumitem
forest
multicol
enumitem
todonotes
endnotes
endnotes
changebar
sectionbox
natbib
datetime
fmtcount
tcolorbox
environ
etoolbox
pgf
paralist
fixme
fancyhdr
natbib
