ec
accents
achicago
algorithm
algorithm2e
amsmath
amstext
apacite
apalike
arabi
array
babel
beamerposter
biblatex
bibtopic
bicaption
bidi
bm
booktabs
braille
breakurl
CJKutf8
calc
cancel
chapterbib
chemgreek
chicago
color
covington
csquotes
cyrillic
endnotes
enumitem
environ
esint
eso-pic
fancybox
fancyhdr
filehook
fixltx2e
fix-cm
float
fontspec
footmisc
footnote
footnotehyper
forest
framed
geometry
graphicx
greek-inputenc
harvard
hhline
hyperref
hyphenat
iftex
ifthen
japanese
jurabib
lettrine
listings
lithuanian
longtable
lscape
luainputenc
mathdots
mathrsfs
mathtools
mhchem
mongolian
mslapa
multirow
natbib
nicefrac
nomencl
paralist
pdfcolmk
pdflscape
polyglossia
pdfcomment
pdfpages
pgf
prettyref
preview
refstyle
rotating
rotfloat
sectionbox
serbianc
setspace
slashed
soul
splitidx
stackrel
stmaryrd
subfig
subscript
tablefootnote
tcolorbox
textcomp
turkmen
ulem
unicode-math
units
url
varioref
varwidth
wallpaper
wrapfig
xargs
xcolor
xetex-def
xkeyval
arydshln
braket
cancel
caption
colortbl
diagbox
etoolbox
eurosym
fp
makecmds
marginnote
picinpar
pict2e
sidecap
upgreek
psnfss
avant
bookman
chancery
charter
cochineal
courier
crimson
helvet
mathpazo
mathpple
mathptm
mathptmx
newcent
pifont
utopia
ae
bera
biolinum
biolinum-type1
ccfonts
concrete
ecc
concmath
cmbright
eco
eulervm
feyn
fourier
iwona
kurier
lh-lcy
fontaxes
libertine
libertine-type1
libertineMono-type1
libertineMono
libertineRoman
lmodern
mathdesign
mdbch
mdput
mdugm
menukeys
newtxmath
noto
binhex
symbol
tgadventor
tgbonum
tgchorus
tgcursor
tgheros
tgpagella
tgschola
tgtermes
tipa
tipx
tone
txfonts
ascii
bbding
ifsym
marvosym
pmboxdraw
textgreek
tfrupee
wasy
wasysym
enumitem
sectionbox
tcolorbox
environ
etoolbox
pgf
natbib
apacite
fancyvrb
bicaption
multicol
paralist
covington
enumitem
forest
endnotes
hpstatement
endnotes
fixme
fancyhdr
rsphrase
braille
datetime
fmtcount
algorithm2e
changebar
todonotes
shapepar
natbib
biblatex
jurabib
biblatex
